../Core/Src/stm32l0xx_hal_msp.c:65:6:HAL_MspInit	0	static
../Core/Src/stm32l0xx_hal_msp.c:87:6:HAL_LPTIM_MspInit	0	static
../Core/Src/stm32l0xx_hal_msp.c:109:6:HAL_LPTIM_MspDeInit	0	static
../Core/Src/stm32l0xx_hal_msp.c:131:6:HAL_UART_MspInit	56	static
../Core/Src/stm32l0xx_hal_msp.c:183:6:HAL_UART_MspDeInit	8	static
../Core/Src/stm32l0xx_hal_msp.c:215:6:HAL_TIM_Base_MspInit	0	static
../Core/Src/stm32l0xx_hal_msp.c:242:6:HAL_TIM_MspPostInit	40	static
../Core/Src/stm32l0xx_hal_msp.c:283:6:HAL_TIM_Base_MspDeInit	0	static
